guilbert@guilbert-X540LJ:~/challenge-5$ git pull
remote: Enumerating objects: 11, done.
remote: Counting objects: 100% (11/11), done.
remote: Compressing objects: 100% (6/6), done.
remote: Total 10 (delta 1), reused 0 (delta 0), pack-reused 0
Dépaquetage des objets: 100% (10/10), 2.67 Kio | 683.00 Kio/s, fait.
Depuis github.com:guilbert970/challenge-5
   04876c7..79d6635  main       -> origin/main
Fusion automatique de readme.md
CONFLIT (contenu) : Conflit de fusion dans readme.md
La fusion automatique a échoué ; réglez les conflits et validez le résultat.
guilbert@guilbert-X540LJ:~/challenge-5$ git commit
U	readme.md
error: Impossible de valider car vous avez des fichiers non fusionnés.
astuce: Corrigez-les puis lancez 'git add/rm <fichier>'
astuce: si nécessaire pour marquer la résolution et valider.
fatal: Abandon à cause de conflit non résolu.
guilbert@guilbert-X540LJ:~/challenge-5$ git add .
guilbert@guilbert-X540LJ:~/challenge-5$ git commit
[main b3dfa57] garder localMerge branch 'main' of github.com:guilbert970/challenge-5 into main
guilbert@guilbert-X540LJ:~/challenge-5$ git status
Sur la branche main
Votre branche est en avance sur 'origin/main' de 2 commits.
  (utilisez "git push" pour publier vos commits locaux)

rien à valider, la copie de travail est propre
guilbert@guilbert-X540LJ:~/challenge-5$ git push origin main
Énumération des objets: 10, fait.
Décompte des objets: 100% (10/10), fait.
Compression par delta en utilisant jusqu'à 4 fils d'exécution
Compression des objets: 100% (4/4), fait.
Écriture des objets: 100% (6/6), 653 octets | 653.00 Kio/s, fait.
Total 6 (delta 2), réutilisés 0 (delta 0)
remote: Resolving deltas: 100% (2/2), completed with 2 local objects.
To github.com:guilbert970/challenge-5.git
   79d6635..b3dfa57  main -> main
guilbert@guilbert-X540LJ:~/challenge-5$ 
